C51 COMPILER V9.54   MONITOR                                                               08/17/2026 17:03:01 PAGE 1   


C51 COMPILER V9.54, COMPILATION OF MODULE MONITOR
OBJECT MODULE PLACED IN .\list\Monitor.obj
COMPILER INVOKED BY: C:\Keil_v5\C51\BIN\C51.EXE ..\User\Monitor.c OPTIMIZE(8,SPEED) BROWSE INCDIR(..\User;..\Driver\inc)
                    - DEBUG OBJECTEXTEND PRINT(.\list\Monitor.lst) TABS(2) OBJECT(.\list\Monitor.obj)

line level    source

   1          #include "Config.h"
   2          #include "heartbeat_monitor.h"
   3          
   4          /*
   5           * STC8G1K08 CPU_CHECK 监控固件
   6           *
   7           * Pin1/P5.4 通过 INT2 记录 CPU_CHECK 的下降沿。
   8           * Pin3/P5.5 始终保持输入高阻；本固件不驱动 Q23、AP-RESET 或内部 WDT。
   9           */
  10          
  11          static volatile heartbeat_monitor_ms_t g_millisecond;
  12          static heartbeat_monitor_t g_heartbeat_monitor;
  13          
  14          static void timer0_init(void)
  15          {
  16   1          TMOD &= (unsigned char)~0x03;
  17   1          AUXR |= 0x80;
  18   1          TH0 = (unsigned char)(TIMER0_RELOAD >> 8);
  19   1          TL0 = (unsigned char)TIMER0_RELOAD;
  20   1          TF0 = 0;
  21   1          ET0 = 1;
  22   1          TR0 = 1;
  23   1      }
  24          
  25          static void uart1_init(void)
  26          {
  27   1          unsigned long reload;
  28   1      
  29   1          P_SW1 &= (unsigned char)~0xC0;
  30   1          SCON = 0x40;
  31   1          TI = 0;
  32   1          reload = UART1_RELOAD;
  33   1      
  34   1          TR1 = 0;
  35   1          AUXR &= (unsigned char)~0x01;
  36   1          TMOD &= (unsigned char)~0x40;
  37   1          TMOD &= (unsigned char)~0x30;
  38   1          AUXR |= 0x40;
  39   1          TH1 = (unsigned char)(reload >> 8);
  40   1          TL1 = (unsigned char)reload;
  41   1          ET1 = 0;
  42   1          INT_CLKO &= (unsigned char)~0x02;
  43   1          TR1 = 1;
  44   1      }
  45          
  46          static void gpio_monitor_init(void)
  47          {
  48   1          /* P5.4/CPU_CHECK 和 P5.5/AP-RESET 均为输入高阻。 */
  49   1          P5M1 |= 0x30;
  50   1          P5M0 &= (unsigned char)~0x30;
  51   1          P5 |= 0x30;
  52   1      
  53   1          P3M1 |= 0x01;
  54   1          P3M0 &= (unsigned char)~0x01;
C51 COMPILER V9.54   MONITOR                                                               08/17/2026 17:03:01 PAGE 2   

  55   1          P3M1 &= (unsigned char)~0x02;
  56   1          P3M0 |= 0x02;
  57   1          P3 |= 0x02;
  58   1      }
  59          
  60          static void uart1_putc(char value)
  61          {
  62   1          SBUF = value;
  63   1          while (!TI) {
  64   2          }
  65   1          TI = 0;
  66   1      }
  67          
  68          static void uart1_puts(const char *text)
  69          {
  70   1          while (*text != '\0') {
  71   2              uart1_putc(*text++);
  72   2          }
  73   1      }
  74          
  75          static void uart1_put_u32(heartbeat_monitor_ms_t value)
  76          {
  77   1          char digits[10];
  78   1          unsigned char count = 0;
  79   1      
  80   1          if (value == 0UL) {
  81   2              uart1_putc('0');
  82   2              return;
  83   2          }
  84   1          while (value != 0UL && count < sizeof(digits)) {
  85   2              digits[count++] = (char)('0' + (value % 10UL));
  86   2              value /= 10UL;
  87   2          }
  88   1          while (count != 0U) {
  89   2              uart1_putc(digits[--count]);
  90   2          }
  91   1      }
  92          
  93          static heartbeat_monitor_ms_t millis_snapshot(void)
  94          {
  95   1          heartbeat_monitor_ms_t value;
  96   1          unsigned char saved_ea = EA;
  97   1      
  98   1          EA = 0;
  99   1          value = g_millisecond;
 100   1          EA = saved_ea;
 101   1          return value;
 102   1      }
 103          
 104          static void heartbeat_snapshot(heartbeat_monitor_t *snapshot,
 105                                         heartbeat_monitor_ms_t *now_ms)
 106          {
 107   1          unsigned char saved_ea = EA;
 108   1      
 109   1          EA = 0;
 110   1          *now_ms = g_millisecond;
 111   1          *snapshot = g_heartbeat_monitor;
 112   1          EA = saved_ea;
 113   1      }
 114          
 115          static const char *heartbeat_status_name(heartbeat_monitor_status_t status)
 116          {
C51 COMPILER V9.54   MONITOR                                                               08/17/2026 17:03:01 PAGE 3   

 117   1          if (status == HEARTBEAT_MONITOR_STARTUP) return "startup";
 118   1          if (status == HEARTBEAT_MONITOR_HEALTHY) return "healthy";
 119   1          return "timeout";
 120   1      }
 121          
 122          static void report_status(void)
 123          {
 124   1          heartbeat_monitor_t snapshot;
 125   1          heartbeat_monitor_ms_t now_ms;
 126   1          heartbeat_monitor_status_t status;
 127   1      
 128   1          heartbeat_snapshot(&snapshot, &now_ms);
 129   1          status = heartbeat_monitor_status(&snapshot, now_ms,
 130   1                                            HEARTBEAT_MONITOR_GRACE_MS,
 131   1                                            HEARTBEAT_MONITOR_TIMEOUT_MS);
 132   1          uart1_puts("monitor state=");
 133   1          uart1_puts(heartbeat_status_name(status));
 134   1          uart1_puts(" edges=");
 135   1          uart1_put_u32(heartbeat_monitor_edge_count(&snapshot));
 136   1          uart1_puts(" age_ms=");
 137   1          uart1_put_u32(heartbeat_monitor_edge_age_ms(&snapshot, now_ms));
 138   1          uart1_puts(" P54=");
 139   1          uart1_putc(CPU_CHECK ? '1' : '0');
 140   1          uart1_puts(" P55=");
 141   1          uart1_putc(AP_RESET_TEST ? '1' : '0');
 142   1          uart1_puts(" output=high-z\r\n");
 143   1      }
 144          
 145          void timer0_isr(void) interrupt 1
 146          {
 147   1          TH0 = (unsigned char)(TIMER0_RELOAD >> 8);
 148   1          TL0 = (unsigned char)TIMER0_RELOAD;
 149   1          ++g_millisecond;
 150   1      }
 151          
 152          void int2_isr(void) interrupt 10
 153          {
 154   1          heartbeat_monitor_on_falling_edge(&g_heartbeat_monitor, g_millisecond);
 155   1      }
 156          
 157          void main(void)
 158          {
 159   1          heartbeat_monitor_ms_t last_report;
 160   1      
 161   1          gpio_monitor_init();
 162   1          uart1_init();
 163   1          timer0_init();
 164   1          heartbeat_monitor_init(&g_heartbeat_monitor, 0UL);
 165   1          INT_CLKO |= INT2_ENABLE_MASK;
 166   1          EA = 1;
 167   1      
 168   1          uart1_puts("\r\nSTC8G1K08 monitor firmware\r\n");
 169   1          uart1_puts("P54=CPU_CHECK INT2 falling edge\r\n");
 170   1          uart1_puts("P55=AP-RESET high-z, WDT=OFF, output-drive=OFF\r\n");
 171   1          uart1_puts("grace=10000ms timeout=1000ms\r\n");
 172   1      
 173   1          last_report = millis_snapshot();
 174   1          for (;;) {
 175   2              heartbeat_monitor_ms_t now_ms = millis_snapshot();
 176   2      
 177   2              if ((heartbeat_monitor_ms_t)(now_ms - last_report) >= 1000UL) {
 178   3                  last_report = now_ms;
C51 COMPILER V9.54   MONITOR                                                               08/17/2026 17:03:01 PAGE 4   

 179   3                  report_status();
 180   3              }
 181   2          }
 182   1      }


MODULE INFORMATION:   STATIC OVERLAYABLE
   CODE SIZE        =    842    ----
   CONSTANT SIZE    =    230    ----
   XDATA SIZE       =   ----    ----
   PDATA SIZE       =   ----    ----
   DATA SIZE        =     17      58
   IDATA SIZE       =   ----    ----
   BIT SIZE         =   ----    ----
END OF MODULE INFORMATION.


C51 COMPILATION COMPLETE.  0 WARNING(S),  0 ERROR(S)
