C51 COMPILER V9.54   UART                                                                  08/21/2026 10:55:33 PAGE 1   


C51 COMPILER V9.54, COMPILATION OF MODULE UART
OBJECT MODULE PLACED IN .\list\uart.obj
COMPILER INVOKED BY: C:\Keil_v5\C51\BIN\C51.EXE ..\Driver\src\uart.c OPTIMIZE(8,SPEED) BROWSE INCDIR(..\User;..\Driver\i
                    -nc) DEBUG OBJECTEXTEND PRINT(.\list\uart.lst) TABS(2) OBJECT(.\list\uart.obj)

line level    source

   1          #include "Config.h"
   2          #include "uart.h"
   3          #if STC8G1K08_UART_LOG_ENABLE
   4          
   5          void uart1_init(void)
   6          {
   7   1          unsigned long reload;
   8   1      
   9   1          P_SW1 &= (unsigned char)~0xC0;
  10   1          SCON = 0x40;
  11   1          TI = 0;
  12   1          reload = UART1_RELOAD;
  13   1      
  14   1          TR1 = 0;
  15   1          AUXR &= (unsigned char)~0x01;
  16   1          TMOD &= (unsigned char)~0x40;
  17   1          TMOD &= (unsigned char)~0x30;
  18   1          AUXR |= 0x40;
  19   1          TH1 = (unsigned char)(reload >> 8);
  20   1          TL1 = (unsigned char)reload;
  21   1          ET1 = 0;
  22   1          INT_CLKO &= (unsigned char)~0x02;
  23   1          TR1 = 1;
  24   1      }
  25          
  26          void uart1_putc(char value)
  27          {
  28   1          SBUF = value;
  29   1          while (!TI) {
  30   2          }
  31   1          TI = 0;
  32   1      }
  33          
  34          void uart1_puts(const char *text)
  35          {
  36   1          while (*text != '\0') {
  37   2              uart1_putc(*text++);
  38   2          }
  39   1      }
  40          
  41          void uart1_put_u32(unsigned long value)
  42          {
  43   1          char digits[10];
  44   1          unsigned char count = 0U;
  45   1      
  46   1          if (value == 0UL) {
  47   2              uart1_putc('0');
  48   2              return;
  49   2          }
  50   1          while (value != 0UL && count < sizeof(digits)) {
  51   2              digits[count++] = (char)('0' + (value % 10UL));
  52   2              value /= 10UL;
  53   2          }
  54   1          while (count != 0U) {
C51 COMPILER V9.54   UART                                                                  08/21/2026 10:55:33 PAGE 2   

  55   2              uart1_putc(digits[--count]);
  56   2          }
  57   1      }
  58          #endif


MODULE INFORMATION:   STATIC OVERLAYABLE
   CODE SIZE        =    241    ----
   CONSTANT SIZE    =   ----    ----
   XDATA SIZE       =   ----    ----
   PDATA SIZE       =   ----    ----
   DATA SIZE        =   ----      22
   IDATA SIZE       =   ----    ----
   BIT SIZE         =   ----    ----
END OF MODULE INFORMATION.


C51 COMPILATION COMPLETE.  0 WARNING(S),  0 ERROR(S)
