BL51 BANKED LINKER/LOCATER V6.22.2.0                                                    03/01/2022  10:51:44  PAGE 1


BL51 BANKED LINKER/LOCATER V6.22.2.0, INVOKED BY:
C:\KEIL_V5\C51\BIN\BL51.EXE .\list\main.obj, .\list\GPIO.obj, .\list\I2C.obj, .\list\timer.obj TO .\list\IIC_RTC PRINT (
>> .\list\IIC_RTC.m51) RAMSIZE (256)


MEMORY MODEL: SMALL


INPUT MODULES INCLUDED:
  .\list\main.obj (MAIN)
  .\list\GPIO.obj (GPIO)
  .\list\I2C.obj (I2C)
  .\list\timer.obj (TIMER)
  C:\KEIL_V5\C51\LIB\C51S.LIB (?C_STARTUP)
  C:\KEIL_V5\C51\LIB\C51S.LIB (?C?CLDPTR)
  C:\KEIL_V5\C51\LIB\C51S.LIB (?C?CLDOPTR)
  C:\KEIL_V5\C51\LIB\C51S.LIB (?C?CSTPTR)
  C:\KEIL_V5\C51\LIB\C51S.LIB (?C?ILDOPTR)


LINK MAP OF MODULE:  .\list\IIC_RTC (MAIN)


            TYPE    BASE      LENGTH    RELOCATION   SEGMENT NAME
            -----------------------------------------------------

            * * * * * * *   D A T A   M E M O R Y   * * * * * * *
            REG     0000H     0008H     ABSOLUTE     "REG BANK 0"
            DATA    0008H     0014H     UNIT         ?DT?MAIN
                    001CH     0004H                  *** GAP ***
            BIT     0020H.0   0000H.1   UNIT         ?BI?MAIN
                    0020H.1   0000H.7                *** GAP ***
            DATA    0021H     000CH     UNIT         _DATA_GROUP_
            IDATA   002DH     0001H     UNIT         ?STACK

            * * * * * * *  X D A T A   M E M O R Y  * * * * * * *
            XDATA   0000H     0080H     UNIT         ?XD?I2C

            * * * * * * *   C O D E   M E M O R Y   * * * * * * *
            CODE    0000H     0003H     ABSOLUTE     
            CODE    0003H     0005H     UNIT         ?PR?IO_KEYDELAY?MAIN
            CODE    0008H     0001H     UNIT         ?PR?TIMER1_INT?TIMER
            CODE    0009H     0001H     UNIT         ?PR?TIMER2_INT?TIMER
            CODE    000AH     0001H     UNIT         ?PR?TIMER3_INT?TIMER
            CODE    000BH     0003H     ABSOLUTE     
            CODE    000EH     000CH     UNIT         ?PR?WAIT?I2C
            CODE    001AH     0001H     UNIT         ?PR?TIMER4_INT?TIMER
            CODE    001BH     0003H     ABSOLUTE     
            CODE    001EH     0043H     UNIT         ?CO?MAIN
                    0061H     0002H                  *** GAP ***
            CODE    0063H     0003H     ABSOLUTE     
            CODE    0066H     0032H     UNIT         ?PR?_READNBYTE?I2C
                    0098H     0003H                  *** GAP ***
            CODE    009BH     0003H     ABSOLUTE     
                    009EH     0005H                  *** GAP ***
            CODE    00A3H     0003H     ABSOLUTE     
            CODE    00A6H     0018H     UNIT         ?PR?I2C_CONFIG?MAIN
                    00BEH     0005H                  *** GAP ***
BL51 BANKED LINKER/LOCATER V6.22.2.0                                                  03/01/2022  10:51:44  PAGE 2


            CODE    00C3H     0003H     ABSOLUTE     
            CODE    00C6H     0331H     UNIT         ?PR?_TIMER_INILIZE?TIMER
            CODE    03F7H     0277H     UNIT         ?PR?_GPIO_INILIZE?GPIO
            CODE    066EH     0123H     UNIT         ?PR?MAIN?MAIN
            CODE    0791H     0106H     UNIT         ?PR?_I2C_INIT?I2C
            CODE    0897H     0090H     UNIT         ?C?LIB_CODE
            CODE    0927H     0076H     UNIT         ?PR?IO_KEYSCAN?MAIN
            CODE    099DH     004DH     UNIT         ?PR?WRITERTC?MAIN
            CODE    09EAH     0047H     UNIT         ?PR?DISPLAYRTC?MAIN
            CODE    0A31H     0042H     UNIT         ?PR?READRTC?MAIN
            CODE    0A73H     003FH     UNIT         ?PR?GPIO_CONFIG?MAIN
            CODE    0AB2H     003DH     UNIT         ?PR?TIMER0_INT?TIMER
            CODE    0AEFH     0037H     UNIT         ?PR?DISPLAYSCAN?MAIN
            CODE    0B26H     002BH     UNIT         ?PR?_WRITENBYTE?I2C
            CODE    0B51H     001EH     UNIT         ?PR?TIMER_CONFIG?MAIN
            CODE    0B6FH     001EH     UNIT         ?PR?RECVACK?I2C
            CODE    0B8DH     0013H     UNIT         ?PR?I2C_ISR?I2C
            CODE    0BA0H     000FH     UNIT         ?PR?RECVDATA?I2C
            CODE    0BAFH     000FH     UNIT         ?PR?SENDNAK?I2C
            CODE    0BBEH     000EH     UNIT         ?PR?_SENDDATA?I2C
            CODE    0BCCH     000EH     UNIT         ?PR?SENDACK?I2C
            CODE    0BDAH     000CH     UNIT         ?C_C51STARTUP
            CODE    0BE6H     0009H     UNIT         ?PR?START?I2C
            CODE    0BEFH     0009H     UNIT         ?PR?STOP?I2C



OVERLAY MAP OF MODULE:   .\list\IIC_RTC (MAIN)


SEGMENT                            DATA_GROUP 
  +--> CALLED SEGMENT            START    LENGTH
------------------------------------------------
?PR?TIMER0_INT?TIMER             -----    -----
  +--> ?PR?DISPLAYSCAN?MAIN

?PR?DISPLAYSCAN?MAIN             -----    -----
  +--> ?CO?MAIN

*** NEW ROOT ***************************************************

?C_C51STARTUP                    -----    -----
  +--> ?PR?MAIN?MAIN

?PR?MAIN?MAIN                    -----    -----
  +--> ?PR?GPIO_CONFIG?MAIN
  +--> ?PR?TIMER_CONFIG?MAIN
  +--> ?PR?I2C_CONFIG?MAIN
  +--> ?PR?READRTC?MAIN
  +--> ?PR?WRITERTC?MAIN
  +--> ?PR?DISPLAYRTC?MAIN
  +--> ?PR?IO_KEYSCAN?MAIN

?PR?GPIO_CONFIG?MAIN             0021H    0002H
  +--> ?PR?_GPIO_INILIZE?GPIO

?PR?TIMER_CONFIG?MAIN            0021H    0008H
BL51 BANKED LINKER/LOCATER V6.22.2.0                                                  03/01/2022  10:51:44  PAGE 3


  +--> ?PR?_TIMER_INILIZE?TIMER

?PR?I2C_CONFIG?MAIN              0021H    000CH
  +--> ?PR?_I2C_INIT?I2C

?PR?READRTC?MAIN                 0021H    0003H
  +--> ?PR?_READNBYTE?I2C

?PR?_READNBYTE?I2C               0024H    0005H
  +--> ?PR?RECVACK?I2C
  +--> ?PR?START?I2C
  +--> ?PR?_SENDDATA?I2C
  +--> ?PR?RECVDATA?I2C
  +--> ?PR?SENDACK?I2C
  +--> ?PR?SENDNAK?I2C
  +--> ?PR?STOP?I2C

?PR?RECVACK?I2C                  -----    -----
  +--> ?PR?START?I2C
  +--> ?PR?_SENDDATA?I2C
  +--> ?PR?WAIT?I2C

?PR?START?I2C                    -----    -----
  +--> ?PR?WAIT?I2C

?PR?_SENDDATA?I2C                -----    -----
  +--> ?PR?WAIT?I2C

?PR?RECVDATA?I2C                 -----    -----
  +--> ?PR?WAIT?I2C

?PR?SENDACK?I2C                  -----    -----
  +--> ?PR?WAIT?I2C

?PR?SENDNAK?I2C                  -----    -----
  +--> ?PR?WAIT?I2C

?PR?STOP?I2C                     -----    -----
  +--> ?PR?WAIT?I2C

?PR?WRITERTC?MAIN                0021H    0003H
  +--> ?PR?_WRITENBYTE?I2C

?PR?_WRITENBYTE?I2C              0024H    0005H
  +--> ?PR?RECVACK?I2C
  +--> ?PR?_SENDDATA?I2C
  +--> ?PR?STOP?I2C

?PR?IO_KEYSCAN?MAIN              -----    -----
  +--> ?PR?IO_KEYDELAY?MAIN
  +--> ?CO?MAIN



SYMBOL TABLE OF MODULE:  .\list\IIC_RTC (MAIN)

  VALUE           TYPE          NAME
BL51 BANKED LINKER/LOCATER V6.22.2.0                                                  03/01/2022  10:51:44  PAGE 4


  ----------------------------------

  -------         MODULE        MAIN
  C:0000H         SYMBOL        _ICE_DUMMY_
  D:0008H         PUBLIC        second
  D:0080H         PUBLIC        P0
  D:0090H         PUBLIC        P1
  D:00A0H         PUBLIC        P2
  D:00B0H         PUBLIC        P3
  D:00C0H         PUBLIC        P4
  D:00C8H         PUBLIC        P5
  B:00A8H.7       PUBLIC        EA
  D:00E8H         PUBLIC        P6
  D:00F8H         PUBLIC        P7
  C:0A73H         PUBLIC        GPIO_config
  D:0009H         PUBLIC        cnt50ms
  D:000AH         PUBLIC        LED8
  D:00A8H         PUBLIC        IE
  C:0049H         PUBLIC        T_COM
  C:0003H         PUBLIC        IO_KeyDelay
  D:0012H         PUBLIC        minute
  C:00A6H         PUBLIC        I2C_config
  D:00B8H         PUBLIC        IP
  D:00D8H         PUBLIC        CCON
  C:066EH         PUBLIC        main
  D:0013H         PUBLIC        KeyCode
  D:0014H         PUBLIC        IO_KeyState
  C:0927H         PUBLIC        IO_KeyScan
  B:0020H.0       PUBLIC        B_1ms
  D:0098H         PUBLIC        SCON
  D:0088H         PUBLIC        TCON
  D:0015H         PUBLIC        hour
  D:00F0H         PUBLIC        B
  C:09EAH         PUBLIC        DisplayRTC
  D:00E0H         PUBLIC        ACC
  C:0051H         PUBLIC        T_KeyTable
  C:001EH         PUBLIC        t_display
  D:0016H         PUBLIC        IO_KeyHoldCnt
  D:0017H         PUBLIC        IO_KeyState1
  D:0018H         PUBLIC        KeyHoldCnt
  C:0B51H         PUBLIC        Timer_config
  C:0AEFH         PUBLIC        DisplayScan
  C:0A31H         PUBLIC        ReadRTC
  D:0019H         PUBLIC        msecond
  B:00D0H.5       PUBLIC        F0
  D:001BH         PUBLIC        display_index
  C:099DH         PUBLIC        WriteRTC
  D:00D0H         PUBLIC        PSW
  -------         PROC          GPIO_CONFIG
  -------         DO            
  D:0021H         SYMBOL        GPIO_InitStructure
  -------         ENDDO         
  C:0A73H         LINE#         86
  C:0A73H         LINE#         87
  C:0A73H         LINE#         90
  C:0A76H         LINE#         91
  C:0A79H         LINE#         92
BL51 BANKED LINKER/LOCATER V6.22.2.0                                                  03/01/2022  10:51:44  PAGE 5


  C:0A82H         LINE#         94
  C:0A85H         LINE#         95
  C:0A88H         LINE#         96
  C:0A92H         LINE#         98
  C:0A95H         LINE#         99
  C:0A98H         LINE#         100
  C:0AA2H         LINE#         102
  C:0AA5H         LINE#         103
  C:0AA8H         LINE#         104
  -------         ENDPROC       GPIO_CONFIG
  -------         PROC          TIMER_CONFIG
  -------         DO            
  D:0021H         SYMBOL        TIM_InitStructure
  -------         ENDDO         
  C:0B51H         LINE#         108
  C:0B51H         LINE#         109
  C:0B51H         LINE#         111
  C:0B54H         LINE#         112
  C:0B56H         LINE#         113
  C:0B59H         LINE#         114
  C:0B5BH         LINE#         115
  C:0B5DH         LINE#         116
  C:0B63H         LINE#         117
  C:0B66H         LINE#         118
  -------         ENDPROC       TIMER_CONFIG
  -------         PROC          I2C_CONFIG
  -------         DO            
  D:0021H         SYMBOL        I2C_InitStructure
  -------         ENDDO         
  C:00A6H         LINE#         122
  C:00A6H         LINE#         123
  C:00A6H         LINE#         125
  C:00A9H         LINE#         126
  C:00ACH         LINE#         127
  C:00AFH         LINE#         128
  C:00B1H         LINE#         129
  C:00B4H         LINE#         130
  C:00B6H         LINE#         132
  -------         ENDPROC       I2C_CONFIG
  -------         PROC          MAIN
  -------         DO            
  D:0007H         SYMBOL        i
  -------         ENDDO         
  C:066EH         LINE#         137
  C:066EH         LINE#         138
  C:066EH         LINE#         141
  C:0671H         LINE#         142
  C:0674H         LINE#         143
  C:0677H         LINE#         144
  C:0679H         LINE#         146
  C:067CH         LINE#         148
  C:0690H         LINE#         150
  C:0693H         LINE#         151
  C:0695H         LINE#         152
  C:06A2H         LINE#         153
  C:06AFH         LINE#         154
  C:06BCH         LINE#         155
BL51 BANKED LINKER/LOCATER V6.22.2.0                                                  03/01/2022  10:51:44  PAGE 6


  C:06BFH         LINE#         156
  C:06BFH         LINE#         157
  C:06C2H         LINE#         158
  C:06C4H         LINE#         159
  C:06C7H         LINE#         160
  C:06CAH         LINE#         161
  C:06CAH         LINE#         163
  C:06CDH         LINE#         164
  C:06D0H         LINE#         165
  C:06D3H         LINE#         167
  C:06D6H         LINE#         168
  C:06D8H         LINE#         170
  C:06DAH         LINE#         171
  C:06DCH         LINE#         172
  C:06DEH         LINE#         173
  C:06E0H         LINE#         175
  C:06E0H         LINE#         176
  C:06E0H         LINE#         177
  C:06E3H         LINE#         178
  C:06E3H         LINE#         179
  C:06E5H         LINE#         180
  C:06F6H         LINE#         181
  C:06F6H         LINE#         182
  C:06FBH         LINE#         183
  C:06FEH         LINE#         184
  C:0701H         LINE#         185
  C:0701H         LINE#         187
  C:070EH         LINE#         188
  C:070EH         LINE#         189
  C:0711H         LINE#         190
  C:0714H         LINE#         191
  C:0714H         LINE#         193
  C:0719H         LINE#         194
  C:0719H         LINE#         195
  C:071DH         LINE#         196
  C:071DH         LINE#         197
  C:072DH         LINE#         198
  C:0730H         LINE#         199
  C:0733H         LINE#         200
  C:0733H         LINE#         201
  C:0739H         LINE#         202
  C:0739H         LINE#         203
  C:0749H         LINE#         204
  C:074CH         LINE#         205
  C:074FH         LINE#         206
  C:074FH         LINE#         207
  C:0755H         LINE#         208
  C:0755H         LINE#         209
  C:0757H         LINE#         210
  C:0767H         LINE#         211
  C:076AH         LINE#         212
  C:076DH         LINE#         213
  C:076DH         LINE#         214
  C:0773H         LINE#         215
  C:0773H         LINE#         216
  C:0775H         LINE#         217
  C:0785H         LINE#         218
BL51 BANKED LINKER/LOCATER V6.22.2.0                                                  03/01/2022  10:51:44  PAGE 7


  C:0788H         LINE#         219
  C:078BH         LINE#         220
  C:078BH         LINE#         222
  C:078EH         LINE#         223
  C:078EH         LINE#         224
  C:078EH         LINE#         225
  -------         ENDPROC       MAIN
  -------         PROC          DISPLAYRTC
  C:09EAH         LINE#         229
  C:09EAH         LINE#         230
  C:09EAH         LINE#         231
  C:09FFH         LINE#         232
  C:0A02H         LINE#         233
  C:0A0BH         LINE#         234
  C:0A0EH         LINE#         235
  C:0A16H         LINE#         236
  C:0A1FH         LINE#         237
  C:0A27H         LINE#         238
  C:0A30H         LINE#         239
  -------         ENDPROC       DISPLAYRTC
  -------         PROC          READRTC
  -------         DO            
  D:0021H         SYMBOL        tmp
  -------         ENDDO         
  C:0A31H         LINE#         242
  C:0A31H         LINE#         243
  C:0A31H         LINE#         246
  C:0A3FH         LINE#         247
  C:0A50H         LINE#         248
  C:0A61H         LINE#         249
  C:0A72H         LINE#         250
  -------         ENDPROC       READRTC
  -------         PROC          WRITERTC
  -------         DO            
  D:0021H         SYMBOL        tmp
  -------         ENDDO         
  C:099DH         LINE#         253
  C:099DH         LINE#         254
  C:099DH         LINE#         257
  C:09B2H         LINE#         258
  C:09C7H         LINE#         259
  C:09DCH         LINE#         260
  -------         ENDPROC       WRITERTC
  -------         PROC          IO_KEYDELAY
  -------         DO            
  D:0007H         SYMBOL        i
  -------         ENDDO         
  C:0003H         LINE#         284
  C:0003H         LINE#         285
  C:0003H         LINE#         287
  C:0005H         LINE#         288
  C:0007H         LINE#         289
  -------         ENDPROC       IO_KEYDELAY
  -------         PROC          IO_KEYSCAN
  -------         DO            
  D:0006H         SYMBOL        j
  -------         ENDDO         
BL51 BANKED LINKER/LOCATER V6.22.2.0                                                  03/01/2022  10:51:44  PAGE 8


  C:0927H         LINE#         291
  C:0927H         LINE#         292
  C:0927H         LINE#         295
  C:0929H         LINE#         297
  C:092CH         LINE#         298
  C:092FH         LINE#         299
  C:0935H         LINE#         301
  C:0938H         LINE#         302
  C:093BH         LINE#         303
  C:0941H         LINE#         304
  C:0944H         LINE#         306
  C:0949H         LINE#         307
  C:0949H         LINE#         308
  C:094BH         LINE#         309
  C:094EH         LINE#         310
  C:0952H         LINE#         311
  C:0952H         LINE#         312
  C:0954H         LINE#         313
  C:095BH         LINE#         314
  C:095FH         LINE#         315
  C:095FH         LINE#         316
  C:096CH         LINE#         317
  C:096CH         LINE#         318
  C:096FH         LINE#         319
  C:0971H         LINE#         320
  C:0971H         LINE#         321
  C:0971H         LINE#         322
  C:0974H         LINE#         323
  C:0974H         LINE#         324
  C:097EH         LINE#         325
  C:0988H         LINE#         326
  C:0994H         LINE#         327
  C:0994H         LINE#         328
  C:0996H         LINE#         329
  C:0999H         LINE#         330
  C:0999H         LINE#         331
  C:099CH         LINE#         332
  -------         ENDPROC       IO_KEYSCAN
  -------         PROC          DISPLAYSCAN
  C:0AEFH         LINE#         336
  C:0AEFH         LINE#         337
  C:0AEFH         LINE#         338
  C:0B08H         LINE#         339
  C:0B15H         LINE#         340
  C:0B25H         LINE#         341
  -------         ENDPROC       DISPLAYSCAN
  -------         ENDMOD        MAIN

  -------         MODULE        GPIO
  C:0000H         SYMBOL        _ICE_DUMMY_
  D:0093H         PUBLIC        P0M1
  D:0092H         PUBLIC        P1M0
  D:0096H         PUBLIC        P2M0
  D:0091H         PUBLIC        P1M1
  D:0080H         PUBLIC        P0
  D:00B2H         PUBLIC        P3M0
  D:0095H         PUBLIC        P2M1
BL51 BANKED LINKER/LOCATER V6.22.2.0                                                  03/01/2022  10:51:44  PAGE 9


  D:0090H         PUBLIC        P1
  D:00B4H         PUBLIC        P4M0
  D:00B1H         PUBLIC        P3M1
  D:00A0H         PUBLIC        P2
  D:00CAH         PUBLIC        P5M0
  D:00B3H         PUBLIC        P4M1
  D:00B0H         PUBLIC        P3
  D:00CCH         PUBLIC        P6M0
  D:00C9H         PUBLIC        P5M1
  D:00C0H         PUBLIC        P4
  D:00E2H         PUBLIC        P7M0
  D:00CBH         PUBLIC        P6M1
  D:00C8H         PUBLIC        P5
  D:00E8H         PUBLIC        P6
  D:00E1H         PUBLIC        P7M1
  D:00F8H         PUBLIC        P7
  D:00A8H         PUBLIC        IE
  D:00B8H         PUBLIC        IP
  D:00D8H         PUBLIC        CCON
  D:0098H         PUBLIC        SCON
  D:0088H         PUBLIC        TCON
  D:00F0H         PUBLIC        B
  D:00E0H         PUBLIC        ACC
  C:03F7H         PUBLIC        _GPIO_Inilize
  D:00D0H         PUBLIC        PSW
  D:0094H         PUBLIC        P0M0
  -------         PROC          _GPIO_INILIZE
  D:0007H         SYMBOL        GPIO
  D:0001H         SYMBOL        GPIOx
  C:03F7H         LINE#         28
  C:03F7H         LINE#         29
  C:03F7H         LINE#         30
  C:0404H         LINE#         31
  C:0414H         LINE#         32
  C:0417H         LINE#         33
  C:0417H         LINE#         34
  C:0425H         LINE#         35
  C:0437H         LINE#         36
  C:0449H         LINE#         37
  C:045BH         LINE#         38
  C:045BH         LINE#         39
  C:0460H         LINE#         40
  C:0460H         LINE#         41
  C:0471H         LINE#         42
  C:0481H         LINE#         43
  C:0492H         LINE#         44
  C:04A6H         LINE#         45
  C:04A6H         LINE#         46
  C:04ABH         LINE#         47
  C:04ABH         LINE#         48
  C:04BCH         LINE#         49
  C:04CCH         LINE#         50
  C:04DDH         LINE#         51
  C:04F1H         LINE#         52
  C:04F1H         LINE#         53
  C:04F6H         LINE#         54
  C:04F6H         LINE#         55
BL51 BANKED LINKER/LOCATER V6.22.2.0                                                  03/01/2022  10:51:44  PAGE 10


  C:0507H         LINE#         56
  C:0517H         LINE#         57
  C:0528H         LINE#         58
  C:053CH         LINE#         59
  C:053CH         LINE#         60
  C:0541H         LINE#         61
  C:0541H         LINE#         62
  C:0552H         LINE#         63
  C:0562H         LINE#         64
  C:0573H         LINE#         65
  C:0587H         LINE#         66
  C:0587H         LINE#         67
  C:058CH         LINE#         68
  C:058CH         LINE#         69
  C:059DH         LINE#         70
  C:05ADH         LINE#         71
  C:05BEH         LINE#         72
  C:05D2H         LINE#         73
  C:05D2H         LINE#         74
  C:05D7H         LINE#         75
  C:05D7H         LINE#         76
  C:05E8H         LINE#         77
  C:05F8H         LINE#         78
  C:0609H         LINE#         79
  C:061DH         LINE#         80
  C:061DH         LINE#         81
  C:0622H         LINE#         82
  C:0622H         LINE#         83
  C:0635H         LINE#         84
  C:0646H         LINE#         85
  C:0657H         LINE#         86
  C:066BH         LINE#         87
  C:066BH         LINE#         88
  C:066DH         LINE#         89
  -------         ENDPROC       _GPIO_INILIZE
  -------         ENDMOD        GPIO

  -------         MODULE        I2C
  C:0000H         SYMBOL        _ICE_DUMMY_
  D:0080H         PUBLIC        P0
  D:0090H         PUBLIC        P1
  D:00A0H         PUBLIC        P2
  D:00B0H         PUBLIC        P3
  C:0066H         PUBLIC        _ReadNbyte
  D:00C0H         PUBLIC        P4
  D:00C8H         PUBLIC        P5
  D:00E8H         PUBLIC        P6
  D:00F8H         PUBLIC        P7
  C:0BBEH         PUBLIC        _SendData
  D:00BAH         PUBLIC        P_SW2
  D:00A8H         PUBLIC        IE
  C:0BA0H         PUBLIC        RecvData
  C:0BE6H         PUBLIC        Start
  C:0B26H         PUBLIC        _WriteNbyte
  C:000EH         PUBLIC        Wait
  D:00B8H         PUBLIC        IP
  D:00D8H         PUBLIC        CCON
BL51 BANKED LINKER/LOCATER V6.22.2.0                                                  03/01/2022  10:51:44  PAGE 11


  C:0BEFH         PUBLIC        Stop
  D:0098H         PUBLIC        SCON
  C:0791H         PUBLIC        _I2C_Init
  D:0088H         PUBLIC        TCON
  D:00F0H         PUBLIC        B
  D:00E0H         PUBLIC        ACC
  X:0000H         PUBLIC        I2C_RxBuffer
  C:0B8DH         PUBLIC        I2C_Isr
  C:0BCCH         PUBLIC        SendACK
  C:0B84H         PUBLIC        RecvACK
  C:0BAFH         PUBLIC        SendNAK
  D:00D0H         PUBLIC        PSW
  -------         PROC          _I2C_INIT
  D:0001H         SYMBOL        I2Cx
  C:0791H         LINE#         27
  C:0791H         LINE#         28
  C:0791H         LINE#         29
  C:0794H         LINE#         31
  C:079EH         LINE#         32
  C:079EH         LINE#         33
  C:07A5H         LINE#         34
  C:07AAH         LINE#         35
  C:07BFH         LINE#         36
  C:07CDH         LINE#         37
  C:07DDH         LINE#         38
  C:07DDH         LINE#         39
  C:07E0H         LINE#         41
  C:07E0H         LINE#         42
  C:07E7H         LINE#         43
  C:07ECH         LINE#         44
  C:07FFH         LINE#         45
  C:0803H         LINE#         46
  C:0816H         LINE#         47
  C:081AH         LINE#         48
  C:082DH         LINE#         49
  C:0831H         LINE#         50
  C:0844H         LINE#         51
  C:0848H         LINE#         52
  C:0859H         LINE#         53
  C:086CH         LINE#         54
  C:0870H         LINE#         55
  C:0870H         LINE#         57
  C:087EH         LINE#         58
  C:0893H         LINE#         60
  C:0896H         LINE#         61
  -------         ENDPROC       _I2C_INIT
  -------         PROC          WAIT
  C:000EH         LINE#         70
  C:000EH         LINE#         71
  C:000EH         LINE#         72
  C:0015H         LINE#         73
  C:0019H         LINE#         74
  -------         ENDPROC       WAIT
  -------         PROC          START
  C:0BE6H         LINE#         83
  C:0BE6H         LINE#         84
  C:0BE6H         LINE#         85
BL51 BANKED LINKER/LOCATER V6.22.2.0                                                  03/01/2022  10:51:44  PAGE 12


  C:0BECH         LINE#         86
  -------         ENDPROC       START
  -------         PROC          _SENDDATA
  D:0007H         SYMBOL        dat
  C:0BBEH         LINE#         96
  C:0BBEH         LINE#         97
  C:0BBEH         LINE#         98
  C:0BC3H         LINE#         99
  C:0BC9H         LINE#         100
  -------         ENDPROC       _SENDDATA
  -------         PROC          L?0043
  -------         ENDPROC       L?0043
  -------         PROC          RECVACK
  C:0B84H         LINE#         110
  C:0B84H         LINE#         111
  C:0B84H         LINE#         112
  C:0B8AH         LINE#         113
  -------         ENDPROC       RECVACK
  -------         PROC          RECVDATA
  C:0BA0H         LINE#         123
  C:0BA0H         LINE#         124
  C:0BA0H         LINE#         125
  C:0BA6H         LINE#         126
  C:0BA9H         LINE#         127
  C:0BAEH         LINE#         128
  -------         ENDPROC       RECVDATA
  -------         PROC          SENDACK
  C:0BCCH         LINE#         137
  C:0BCCH         LINE#         138
  C:0BCCH         LINE#         139
  C:0BD1H         LINE#         140
  C:0BD7H         LINE#         141
  -------         ENDPROC       SENDACK
  -------         PROC          SENDNAK
  C:0BAFH         LINE#         151
  C:0BAFH         LINE#         152
  C:0BAFH         LINE#         153
  C:0BB5H         LINE#         154
  C:0BBBH         LINE#         155
  -------         ENDPROC       SENDNAK
  -------         PROC          STOP
  C:0BEFH         LINE#         165
  C:0BEFH         LINE#         166
  C:0BEFH         LINE#         167
  C:0BF5H         LINE#         168
  -------         ENDPROC       STOP
  -------         PROC          _WRITENBYTE
  D:0006H         SYMBOL        addr
  D:0025H         SYMBOL        p
  D:0028H         SYMBOL        number
  C:0B26H         LINE#         178
  C:0B2CH         LINE#         179
  C:0B2CH         LINE#         180
  C:0B2CH         LINE#         181
  C:0B2CH         LINE#         182
  C:0B2CH         LINE#         183
  C:0B2CH         LINE#         184
BL51 BANKED LINKER/LOCATER V6.22.2.0                                                  03/01/2022  10:51:44  PAGE 13


  C:0B2CH         LINE#         185
  C:0B2FH         LINE#         187
  C:0B2FH         LINE#         188
  C:0B44H         LINE#         189
  C:0B47H         LINE#         190
  C:0B47H         LINE#         191
  C:0B4AH         LINE#         192
  C:0B4DH         LINE#         193
  C:0B50H         LINE#         194
  -------         ENDPROC       _WRITENBYTE
  -------         PROC          _READNBYTE
  D:0006H         SYMBOL        addr
  D:0001H         SYMBOL        p
  D:0028H         SYMBOL        number
  C:0066H         LINE#         203
  C:0066H         LINE#         204
  C:0066H         LINE#         205
  C:0066H         LINE#         206
  C:0066H         LINE#         207
  C:0066H         LINE#         208
  C:0066H         LINE#         209
  C:0066H         LINE#         210
  C:0069H         LINE#         211
  C:006CH         LINE#         212
  C:0071H         LINE#         213
  C:0074H         LINE#         215
  C:0074H         LINE#         216
  C:007BH         LINE#         217
  C:0082H         LINE#         218
  C:008BH         LINE#         219
  C:008BH         LINE#         220
  C:008EH         LINE#         221
  C:0091H         LINE#         222
  C:0094H         LINE#         223
  C:0097H         LINE#         224
  -------         ENDPROC       _READNBYTE
  -------         PROC          I2C_ISR
  -------         DO            
  D:0007H         SYMBOL        store
  -------         ENDDO         
  C:0B8DH         LINE#         233
  C:0B94H         LINE#         237
  C:0B96H         LINE#         238
  C:0B99H         LINE#         242
  C:0B9BH         LINE#         243
  -------         ENDPROC       I2C_ISR
  -------         ENDMOD        I2C

  -------         MODULE        TIMER
  C:0000H         SYMBOL        _ICE_DUMMY_
  D:0080H         PUBLIC        P0
  D:0090H         PUBLIC        P1
  C:0AB2H         PUBLIC        timer0_int
  D:00A0H         PUBLIC        P2
  C:0008H         PUBLIC        timer1_int
  D:00B0H         PUBLIC        P3
  C:0009H         PUBLIC        timer2_int
BL51 BANKED LINKER/LOCATER V6.22.2.0                                                  03/01/2022  10:51:44  PAGE 14


  D:00C0H         PUBLIC        P4
  C:000AH         PUBLIC        timer3_int
  D:00C8H         PUBLIC        P5
  C:001AH         PUBLIC        timer4_int
  D:00E8H         PUBLIC        P6
  D:00F8H         PUBLIC        P7
  D:00A8H         PUBLIC        IE
  D:00B8H         PUBLIC        IP
  D:00D8H         PUBLIC        CCON
  D:0098H         PUBLIC        SCON
  D:0089H         PUBLIC        TMOD
  D:0088H         PUBLIC        TCON
  C:00C6H         PUBLIC        _Timer_Inilize
  D:00AFH         PUBLIC        IE2
  D:00F0H         PUBLIC        B
  D:008EH         PUBLIC        AUXR
  D:00E0H         PUBLIC        ACC
  B:00A8H.1       PUBLIC        ET0
  B:00A8H.3       PUBLIC        ET1
  D:008CH         PUBLIC        TH0
  D:008DH         PUBLIC        TH1
  D:00D6H         PUBLIC        TH2
  D:00D4H         PUBLIC        TH3
  D:00D2H         PUBLIC        TH4
  D:008AH         PUBLIC        TL0
  D:008BH         PUBLIC        TL1
  D:00D7H         PUBLIC        TL2
  D:00D5H         PUBLIC        TL3
  B:00B8H.1       PUBLIC        PT0
  D:00D3H         PUBLIC        TL4
  B:00B8H.3       PUBLIC        PT1
  B:0088H.4       PUBLIC        TR0
  B:0088H.6       PUBLIC        TR1
  D:00D1H         PUBLIC        T4T3M
  D:00B7H         PUBLIC        IPH
  D:008FH         PUBLIC        INT_CLKO
  D:00D0H         PUBLIC        PSW
  -------         PROC          TIMER0_INT
  C:0AB2H         LINE#         28
  C:0ACFH         LINE#         30
  C:0AD2H         LINE#         31
  C:0AD4H         LINE#         32
  -------         ENDPROC       TIMER0_INT
  -------         PROC          TIMER1_INT
  C:0008H         LINE#         35
  C:0008H         LINE#         38
  -------         ENDPROC       TIMER1_INT
  -------         PROC          TIMER2_INT
  C:0009H         LINE#         41
  C:0009H         LINE#         44
  -------         ENDPROC       TIMER2_INT
  -------         PROC          TIMER3_INT
  C:000AH         LINE#         47
  C:000AH         LINE#         50
  -------         ENDPROC       TIMER3_INT
  -------         PROC          TIMER4_INT
  C:001AH         LINE#         53
BL51 BANKED LINKER/LOCATER V6.22.2.0                                                  03/01/2022  10:51:44  PAGE 15


  C:001AH         LINE#         56
  -------         ENDPROC       TIMER4_INT
  -------         PROC          _TIMER_INILIZE
  D:0005H         SYMBOL        TIM
  D:0001H         SYMBOL        TIMx
  C:00C6H         LINE#         66
  C:00C8H         LINE#         67
  C:00C8H         LINE#         68
  C:00D5H         LINE#         70
  C:00DBH         LINE#         71
  C:00DBH         LINE#         72
  C:00DDH         LINE#         73
  C:00EBH         LINE#         74
  C:00EDH         LINE#         75
  C:0100H         LINE#         76
  C:012CH         LINE#         78
  C:013CH         LINE#         79
  C:0143H         LINE#         80
  C:0153H         LINE#         81
  C:015AH         LINE#         82
  C:0165H         LINE#         83
  C:0168H         LINE#         84
  C:0177H         LINE#         85
  C:017AH         LINE#         87
  C:018CH         LINE#         88
  C:0198H         LINE#         89
  C:019BH         LINE#         90
  C:019BH         LINE#         92
  C:01A3H         LINE#         93
  C:01A3H         LINE#         94
  C:01A5H         LINE#         95
  C:01B3H         LINE#         96
  C:01B5H         LINE#         97
  C:01C8H         LINE#         98
  C:01F4H         LINE#         99
  C:0204H         LINE#         100
  C:0210H         LINE#         101
  C:0220H         LINE#         102
  C:0227H         LINE#         103
  C:0232H         LINE#         104
  C:0235H         LINE#         105
  C:0244H         LINE#         106
  C:0247H         LINE#         108
  C:0259H         LINE#         109
  C:0265H         LINE#         110
  C:0268H         LINE#         111
  C:0268H         LINE#         113
  C:026DH         LINE#         114
  C:026DH         LINE#         115
  C:0270H         LINE#         116
  C:027FH         LINE#         117
  C:0282H         LINE#         118
  C:0295H         LINE#         119
  C:02A0H         LINE#         120
  C:02A7H         LINE#         121
  C:02B2H         LINE#         122
  C:02B5H         LINE#         123
BL51 BANKED LINKER/LOCATER V6.22.2.0                                                  03/01/2022  10:51:44  PAGE 16


  C:02C4H         LINE#         124
  C:02C7H         LINE#         126
  C:02D9H         LINE#         127
  C:02E6H         LINE#         128
  C:02E9H         LINE#         129
  C:02E9H         LINE#         131
  C:02EEH         LINE#         132
  C:02EEH         LINE#         133
  C:02F1H         LINE#         134
  C:0300H         LINE#         135
  C:0303H         LINE#         136
  C:0316H         LINE#         137
  C:0321H         LINE#         138
  C:0328H         LINE#         139
  C:0333H         LINE#         140
  C:0336H         LINE#         141
  C:0345H         LINE#         142
  C:0348H         LINE#         144
  C:035AH         LINE#         145
  C:0367H         LINE#         146
  C:036AH         LINE#         147
  C:036AH         LINE#         149
  C:0372H         LINE#         150
  C:0372H         LINE#         151
  C:0375H         LINE#         152
  C:0384H         LINE#         153
  C:0387H         LINE#         154
  C:039CH         LINE#         155
  C:03A5H         LINE#         156
  C:03B0H         LINE#         157
  C:03BFH         LINE#         158
  C:03C2H         LINE#         159
  C:03D1H         LINE#         160
  C:03D4H         LINE#         162
  C:03E4H         LINE#         163
  C:03F1H         LINE#         164
  C:03F4H         LINE#         165
  C:03F4H         LINE#         166
  C:03F6H         LINE#         167
  -------         ENDPROC       _TIMER_INILIZE
  -------         ENDMOD        TIMER

  -------         MODULE        ?C?CLDPTR
  C:0897H         PUBLIC        ?C?CLDPTR
  -------         ENDMOD        ?C?CLDPTR

  -------         MODULE        ?C?CLDOPTR
  C:08B0H         PUBLIC        ?C?CLDOPTR
  -------         ENDMOD        ?C?CLDOPTR

  -------         MODULE        ?C?CSTPTR
  C:08DDH         PUBLIC        ?C?CSTPTR
  -------         ENDMOD        ?C?CSTPTR

  -------         MODULE        ?C?ILDOPTR
  C:08EFH         PUBLIC        ?C?ILDOPTR
  -------         ENDMOD        ?C?ILDOPTR
BL51 BANKED LINKER/LOCATER V6.22.2.0                                                  03/01/2022  10:51:44  PAGE 17



Program Size: data=41.1 xdata=128 code=3049
LINK/LOCATE RUN COMPLETE.  0 WARNING(S),  0 ERROR(S)
